
Running 5 tests using 4 workers

  ✓  1 [setup] › tests\e2e\auth.setup.ts:18:3 › authenticate as admin (7.9s)
  ✓  4 [setup] › tests\e2e\auth.setup.ts:18:3 › authenticate as coordinator (8.2s)
  ✓  2 [setup] › tests\e2e\auth.setup.ts:18:3 › authenticate as parent (8.9s)
  ✓  3 [setup] › tests\e2e\auth.setup.ts:18:3 › authenticate as tutor (8.9s)
[BROWSER] debug: [vite] connecting...
[BROWSER] debug: [vite] connected.
[BROWSER] info: %cDownload the React DevTools for a better development experience: https://reactjs.org/link/react-devtools font-weight:bold
[BROWSER] log: ProtectedRoute Debug: {isAuthenticated: true, loading: false, user: Object, studentRoute: false, token: eyJhbGciOiJIUzI1NiIsInR5cCI6IkpXVCJ9.eyJ1c2VySWQiO…xMDh9.02Rqgp8I7Dh6aLT6_x4qf7hkTMccnWyuTujgFqcs9DM}
[BROWSER] warning: ⚠️ React Router Future Flag Warning: React Router will begin wrapping state updates in `React.startTransition` in v7. You can use the `v7_startTransition` future flag to opt-in early. For more information, see https://reactrouter.com/v6/upgrading/future#v7_starttransition.
[BROWSER] warning: ⚠️ React Router Future Flag Warning: Relative route resolution within Splat routes is changing in v7. You can use the `v7_relativeSplatPath` future flag to opt-in early. For more information, see https://reactrouter.com/v6/upgrading/future#v7_relativesplatpath.
[BROWSER] log: ProtectedRoute Debug: {isAuthenticated: true, loading: false, user: Object, studentRoute: false, token: eyJhbGciOiJIUzI1NiIsInR5cCI6IkpXVCJ9.eyJ1c2VySWQiO…xMDh9.02Rqgp8I7Dh6aLT6_x4qf7hkTMccnWyuTujgFqcs9DM}
[BROWSER] warning: MUI: You have provided an out-of-range value `undefined` for the select component.
Consider providing a value that matches one of the available options or ''.
The available values are `CBSE`, `ICSE`, `STATE_BOARD`, `IB`, `IGCSE`.
[BROWSER] warning: MUI: You have provided an out-of-range value `undefined` for the select component.
Consider providing a value that matches one of the available options or ''.
The available values are `CBSE`, `ICSE`, `STATE_BOARD`, `IB`, `IGCSE`.
[BROWSER] error: MUI: A component is changing the uncontrolled value state of RadioGroup to be controlled.
Elements should not switch from uncontrolled to controlled (or vice versa).
Decide between using a controlled or uncontrolled RadioGroup element for the lifetime of the component.
The nature of the state is determined during the first render. It's considered controlled if the value is not `undefined`.
More info: https://fb.me/react-controlled-components
[BROWSER] error: MUI: A component is changing the uncontrolled value state of Select to be controlled.
Elements should not switch from uncontrolled to controlled (or vice versa).
Decide between using a controlled or uncontrolled Select element for the lifetime of the component.
The nature of the state is determined during the first render. It's considered controlled if the value is not `undefined`.
More info: https://fb.me/react-controlled-components
[BROWSER] warning: MUI: You have provided an out-of-range value `undefined` for the select component.
Consider providing a value that matches one of the available options or ''.
The available values are `CBSE`, `ICSE`, `STATE_BOARD`, `IB`, `IGCSE`.
[BROWSER] warning: MUI: You have provided an out-of-range value `undefined` for the select (name="studentGender") component.
Consider providing a value that matches one of the available options or ''.
The available values are `M`, `F`.
[BROWSER] error: MUI: A component is changing the uncontrolled value state of RadioGroup to be controlled.
Elements should not switch from uncontrolled to controlled (or vice versa).
Decide between using a controlled or uncontrolled RadioGroup element for the lifetime of the component.
The nature of the state is determined during the first render. It's considered controlled if the value is not `undefined`.
More info: https://fb.me/react-controlled-components
[BROWSER] warning: MUI: You have provided an out-of-range value `undefined` for the select (name="studentGender") component.
Consider providing a value that matches one of the available options or ''.
The available values are `M`, `F`.
[BROWSER] warning: MUI: You have provided an out-of-range value `undefined` for the select (name="studentGender") component.
Consider providing a value that matches one of the available options or ''.
The available values are `M`, `F`.
[BROWSER] warning: MUI: You have provided an out-of-range value `undefined` for the select component.
Consider providing a value that matches one of the available options or ''.
The available values are `CBSE`, `ICSE`, `STATE_BOARD`, `IB`, `IGCSE`.
[BROWSER] warning: MUI: You have provided an out-of-range value `undefined` for the select (name="studentGender") component.
Consider providing a value that matches one of the available options or ''.
The available values are `M`, `F`.
[BROWSER] warning: MUI: You have provided an out-of-range value `undefined` for the select component.
Consider providing a value that matches one of the available options or ''.
The available values are `CBSE`, `ICSE`, `STATE_BOARD`, `IB`, `IGCSE`.
[BROWSER] warning: MUI: You have provided an out-of-range value `undefined` for the select (name="studentGender") component.
Consider providing a value that matches one of the available options or ''.
The available values are `M`, `F`.
[BROWSER] warning: MUI: You have provided an out-of-range value `undefined` for the select component.
Consider providing a value that matches one of the available options or ''.
The available values are `CBSE`, `ICSE`.
[BROWSER] warning: MUI: You have provided an out-of-range value `undefined` for the select (name="studentGender") component.
Consider providing a value that matches one of the available options or ''.
The available values are `M`, `F`.
[BROWSER] warning: MUI: You have provided an out-of-range value `undefined` for the select component.
Consider providing a value that matches one of the available options or ''.
The available values are `CBSE`, `ICSE`.
[BROWSER] warning: MUI: You have provided an out-of-range value `undefined` for the select (name="studentGender") component.
Consider providing a value that matches one of the available options or ''.
The available values are `M`, `F`.
[BROWSER] warning: MUI: You have provided an out-of-range value `undefined` for the select component.
Consider providing a value that matches one of the available options or ''.
The available values are `CBSE`, `ICSE`.
[BROWSER] warning: MUI: You have provided an out-of-range value `undefined` for the select (name="studentGender") component.
Consider providing a value that matches one of the available options or ''.
The available values are `M`, `F`.
[BROWSER] warning: MUI: You have provided an out-of-range value `undefined` for the select component.
Consider providing a value that matches one of the available options or ''.
The available values are `CBSE`, `ICSE`.
[BROWSER] error: Warning: A component is changing an uncontrolled input to be controlled. This is likely caused by the value changing from undefined to a defined value, which should not happen. Decide between using a controlled or uncontrolled input element for the lifetime of the component. More info: https://reactjs.org/link/controlled-components%s 
    at input
    at http://localhost:3000/node_modules/.vite/deps/chunk-2RVPBQLL.js?v=90174897:1641:45
    at SelectInput2 (http://localhost:3000/node_modules/.vite/deps/chunk-NHTNBB6O.js?v=90174897:8562:25)
    at http://localhost:3000/node_modules/.vite/deps/chunk-2RVPBQLL.js?v=90174897:1641:45
    at div
    at http://localhost:3000/node_modules/.vite/deps/chunk-2RVPBQLL.js?v=90174897:1641:45
    at InputBase2 (http://localhost:3000/node_modules/.vite/deps/chunk-S6JIDHEN.js?v=90174897:6226:17)
    at OutlinedInput2 (http://localhost:3000/node_modules/.vite/deps/chunk-NHTNBB6O.js?v=90174897:7971:17)
    at Select2 (http://localhost:3000/node_modules/.vite/deps/chunk-NHTNBB6O.js?v=90174897:9129:17)
    at div
    at http://localhost:3000/node_modules/.vite/deps/chunk-2RVPBQLL.js?v=90174897:1641:45
    at FormControl2 (http://localhost:3000/node_modules/.vite/deps/chunk-NHTNBB6O.js?v=90174897:3673:17)
    at http://localhost:3000/node_modules/.vite/deps/chunk-2RVPBQLL.js?v=90174897:1641:45
    at TextField2 (http://localhost:3000/node_modules/.vite/deps/chunk-NHTNBB6O.js?v=90174897:10503:17)
    at div
    at http://localhost:3000/node_modules/.vite/deps/chunk-2RVPBQLL.js?v=90174897:1641:45
    at Grid2 (http://localhost:3000/node_modules/.vite/deps/@mui_material.js?v=90174897:5735:22)
    at div
    at http://localhost:3000/node_modules/.vite/deps/chunk-2RVPBQLL.js?v=90174897:1641:45
    at Grid2 (http://localhost:3000/node_modules/.vite/deps/@mui_material.js?v=90174897:5735:22)
    at div
    at http://localhost:3000/node_modules/.vite/deps/chunk-2RVPBQLL.js?v=90174897:1641:45
    at CardContent2 (http://localhost:3000/node_modules/.vite/deps/@mui_material.js?v=90174897:3084:17)
    at div
    at http://localhost:3000/node_modules/.vite/deps/chunk-2RVPBQLL.js?v=90174897:1641:45
    at Paper2 (http://localhost:3000/node_modules/.vite/deps/chunk-S6JIDHEN.js?v=90174897:151:17)
    at http://localhost:3000/node_modules/.vite/deps/chunk-2RVPBQLL.js?v=90174897:1641:45
    at Card2 (http://localhost:3000/node_modules/.vite/deps/@mui_material.js?v=90174897:2740:17)
    at form
    at http://localhost:3000/node_modules/.vite/deps/chunk-2RVPBQLL.js?v=90174897:1641:45
    at Box3 (http://localhost:3000/node_modules/.vite/deps/chunk-CEQZXTQ7.js?v=90174897:1438:19)
    at ClassLeadForm (http://localhost:3000/src/components/classLeads/ClassLeadForm.tsx:137:41)
    at div
    at http://localhost:3000/node_modules/.vite/deps/chunk-2RVPBQLL.js?v=90174897:1641:45
    at CardContent2 (http://localhost:3000/node_modules/.vite/deps/@mui_material.js?v=90174897:3084:17)
    at div
    at http://localhost:3000/node_modules/.vite/deps/chunk-2RVPBQLL.js?v=90174897:1641:45
    at Paper2 (http://localhost:3000/node_modules/.vite/deps/chunk-S6JIDHEN.js?v=90174897:151:17)
    at http://localhost:3000/node_modules/.vite/deps/chunk-2RVPBQLL.js?v=90174897:1641:45
    at Card2 (http://localhost:3000/node_modules/.vite/deps/@mui_material.js?v=90174897:2740:17)
    at div
    at http://localhost:3000/node_modules/.vite/deps/chunk-2RVPBQLL.js?v=90174897:1641:45
    at Container3 (http://localhost:3000/node_modules/.vite/deps/chunk-CEQZXTQ7.js?v=90174897:3085:19)
    at CreateClassLeadPage (http://localhost:3000/src/pages/classLeads/CreateClassLeadPage.tsx:28:20)
    at RenderedRoute (http://localhost:3000/node_modules/.vite/deps/react-router-dom.js?v=90174897:4088:5)
    at RenderedRoute (http://localhost:3000/node_modules/.vite/deps/react-router-dom.js?v=90174897:4088:5)
    at Outlet (http://localhost:3000/node_modules/.vite/deps/react-router-dom.js?v=90174897:4494:26)
    at div
    at http://localhost:3000/node_modules/.vite/deps/chunk-2RVPBQLL.js?v=90174897:1641:45
    at Box3 (http://localhost:3000/node_modules/.vite/deps/chunk-CEQZXTQ7.js?v=90174897:1438:19)
    at main
    at http://localhost:3000/node_modules/.vite/deps/chunk-2RVPBQLL.js?v=90174897:1641:45
    at Box3 (http://localhost:3000/node_modules/.vite/deps/chunk-CEQZXTQ7.js?v=90174897:1438:19)
    at div
    at http://localhost:3000/node_modules/.vite/deps/chunk-2RVPBQLL.js?v=90174897:1641:45
    at Box3 (http://localhost:3000/node_modules/.vite/deps/chunk-CEQZXTQ7.js?v=90174897:1438:19)
    at MainLayout (http://localhost:3000/src/components/layout/MainLayout.tsx:37:39)
    at ProtectedRoute (http://localhost:3000/src/components/auth/ProtectedRoute.tsx:24:27)
    at RenderedRoute (http://localhost:3000/node_modules/.vite/deps/react-router-dom.js?v=90174897:4088:5)
    at Routes (http://localhost:3000/node_modules/.vite/deps/react-router-dom.js?v=90174897:4558:5)
    at Router (http://localhost:3000/node_modules/.vite/deps/react-router-dom.js?v=90174897:4501:15)
    at BrowserRouter (http://localhost:3000/node_modules/.vite/deps/react-router-dom.js?v=90174897:5247:5)
    at Provider (http://localhost:3000/node_modules/.vite/deps/react-redux.js?v=90174897:923:11)
    at DefaultPropsProvider (http://localhost:3000/node_modules/.vite/deps/chunk-CEQZXTQ7.js?v=90174897:1864:3)
    at RtlProvider (http://localhost:3000/node_modules/.vite/deps/chunk-CEQZXTQ7.js?v=90174897:1840:3)
    at ThemeProvider (http://localhost:3000/node_modules/.vite/deps/chunk-CEQZXTQ7.js?v=90174897:1796:5)
    at ThemeProvider2 (http://localhost:3000/node_modules/.vite/deps/chunk-CEQZXTQ7.js?v=90174897:1991:5)
    at ThemeProviderNoVars (http://localhost:3000/node_modules/.vite/deps/chunk-OSUEFHWL.js?v=90174897:277:10)
    at ThemeProvider (http://localhost:3000/node_modules/.vite/deps/chunk-OSUEFHWL.js?v=90174897:359:3)
    at AppThemeProvider (http://localhost:3000/src/theme/ThemeProvider.tsx:21:29)
    at App (http://localhost:3000/src/App.tsx?t=1770038567283:102:9)
    at ErrorBoundary (http://localhost:3000/src/components/common/ErrorBoundary.tsx:11:5)
[BROWSER] error: MUI: A component is changing the uncontrolled value state of Select to be controlled.
Elements should not switch from uncontrolled to controlled (or vice versa).
Decide between using a controlled or uncontrolled Select element for the lifetime of the component.
The nature of the state is determined during the first render. It's considered controlled if the value is not `undefined`.
More info: https://fb.me/react-controlled-components
[BROWSER] warning: MUI: You have provided an out-of-range value `undefined` for the select (name="studentGender") component.
Consider providing a value that matches one of the available options or ''.
The available values are `M`, `F`.
[BROWSER] warning: MUI: You have provided an out-of-range value `undefined` for the select (name="studentGender") component.
Consider providing a value that matches one of the available options or ''.
The available values are `M`, `F`.
[BROWSER] warning: MUI: You have provided an out-of-range value `undefined` for the select (name="studentGender") component.
Consider providing a value that matches one of the available options or ''.
The available values are `M`, `F`.
[BROWSER] warning: MUI: You have provided an out-of-range value `undefined` for the select (name="studentGender") component.
Consider providing a value that matches one of the available options or ''.
The available values are `M`, `F`.
  ✘  5 [chromium] › tests\e2e\payout-flow.spec.ts:12:3 › Consolidated Payout Flow › Complete Flow: Setup -> Attendance -> Monthly Sheet -> Payout (4.1s)


  1) [chromium] › tests\e2e\payout-flow.spec.ts:12:3 › Consolidated Payout Flow › Complete Flow: Setup -> Attendance -> Monthly Sheet -> Payout 

    Error: locator.click: Error: strict mode violation: getByLabel(/gender/i) resolved to 2 elements:
        1) <div id=":r39:" tabindex="0" role="combobox" aria-expanded="false" aria-haspopup="listbox" aria-labelledby=":r39:-label :r39:" class="MuiSelect-select MuiSelect-outlined MuiInputBase-input MuiOutlinedInput-input css-18jp67o-MuiNativeSelect-root-MuiSelect-select-MuiInputBase-input-MuiOutlinedInput-input">…</div> aka getByRole('combobox', { name: 'Gender', exact: true })
        2) <div id=":r2v:" tabindex="0" role="combobox" aria-expanded="false" aria-haspopup="listbox" aria-labelledby=":r2v:-label :r2v:" class="MuiSelect-select MuiSelect-outlined MuiInputBase-input MuiOutlinedInput-input css-18jp67o-MuiNativeSelect-root-MuiSelect-select-MuiInputBase-input-MuiOutlinedInput-input">…</div> aka getByRole('combobox', { name: 'Preferred Tutor Gender' })

    Call log:
    [2m  - waiting for getByLabel(/gender/i)[22m


      35 |     await expect(adminPage.getByRole('listbox')).toBeHidden();
      36 |
    > 37 |     await adminPage.getByLabel(/gender/i).click();
         |                                           ^
      38 |     await adminPage.getByRole('option', { name: 'Male', exact: true }).click();
      39 |     await expect(adminPage.getByRole('listbox')).toBeHidden();
      40 |
        at C:\Users\Rhydham\Desktop\projects\ys-final\v3\web-app\frontend\tests\e2e\payout-flow.spec.ts:37:43

    attachment #1: screenshot (image/png) ──────────────────────────────────────────────────────────
    test-results\payout-flow-Consolidated-P-df6db-ce---Monthly-Sheet---Payout-chromium\test-failed-1.png
    ────────────────────────────────────────────────────────────────────────────────────────────────

    Error Context: test-results\payout-flow-Consolidated-P-df6db-ce---Monthly-Sheet---Payout-chromium\error-context.md

  1 failed
    [chromium] › tests\e2e\payout-flow.spec.ts:12:3 › Consolidated Payout Flow › Complete Flow: Setup -> Attendance -> Monthly Sheet -> Payout 
  4 passed (19.1s)
