src/components/common/EmptyState.tsx(2,41): error TS2792: Cannot find module '@mui/material'. Did you mean to set the 'moduleResolution' option to 'nodenext', or to add aliases to the 'paths' option?
src/components/common/EmptyState.tsx(3,23): error TS2792: Cannot find module '@mui/icons-material/Inbox'. Did you mean to set the 'moduleResolution' option to 'nodenext', or to add aliases to the 'paths' option?
src/components/common/EmptyState.tsx(15,7): error TS2322: Type '({ icon, title, description, action }: EmptyStateProps) => Element' is not assignable to type 'FC<EmptyStateProps>'.
  Type 'Element' is not assignable to type 'ReactNode'.
src/components/common/ErrorAlert.tsx(2,45): error TS2792: Cannot find module '@mui/material'. Did you mean to set the 'moduleResolution' option to 'nodenext', or to add aliases to the 'paths' option?
src/components/common/ErrorAlert.tsx(3,30): error TS2792: Cannot find module '@mui/icons-material/ErrorOutline'. Did you mean to set the 'moduleResolution' option to 'nodenext', or to add aliases to the 'paths' option?
src/components/common/ErrorAlert.tsx(11,7): error TS2322: Type '({ error, onClose, title }: ErrorAlertProps) => Element' is not assignable to type 'FC<ErrorAlertProps>'.
  Type 'Element' is not assignable to type 'ReactNode'.
src/components/common/LoadingSpinner.tsx(2,51): error TS2792: Cannot find module '@mui/material'. Did you mean to set the 'moduleResolution' option to 'nodenext', or to add aliases to the 'paths' option?
src/components/common/LoadingSpinner.tsx(10,7): error TS2322: Type '({ size, fullScreen, message }: LoadingSpinnerProps) => Element' is not assignable to type 'FC<LoadingSpinnerProps>'.
  Type 'Element' is not assignable to type 'ReactNode'.
src/components/common/StyledCard.tsx(1,24): error TS2792: Cannot find module '@mui/material/styles'. Did you mean to set the 'moduleResolution' option to 'nodenext', or to add aliases to the 'paths' option?
src/components/common/StyledCard.tsx(2,33): error TS2792: Cannot find module '@mui/material'. Did you mean to set the 'moduleResolution' option to 'nodenext', or to add aliases to the 'paths' option?
src/components/tutors/AttendanceSheet.tsx(2,19): error TS2792: Cannot find module 'jspdf'. Did you mean to set the 'moduleResolution' option to 'nodenext', or to add aliases to the 'paths' option?
src/components/tutors/AttendanceSheet.tsx(3,25): error TS2792: Cannot find module 'html2canvas'. Did you mean to set the 'moduleResolution' option to 'nodenext', or to add aliases to the 'paths' option?
src/components/tutors/AttendanceSheet.tsx(4,90): error TS2792: Cannot find module '@mui/material'. Did you mean to set the 'moduleResolution' option to 'nodenext', or to add aliases to the 'paths' option?
src/components/tutors/AttendanceSheet.tsx(43,45): error TS2345: Argument of type '({ tutorData, classInfo, range, sheetNo }: AttendanceSheetProps, ref: Ref<{ exportPdf: () => Promise<void>; }>) => Element' is not assignable to parameter of type 'ForwardRefRenderFunction<{ exportPdf: () => Promise<void>; }, AttendanceSheetProps>'.
  Type 'Element' is not assignable to type 'ReactNode'.
src/components/tutors/MyClassesCard.tsx(15,8): error TS2792: Cannot find module '@mui/material'. Did you mean to set the 'moduleResolution' option to 'nodenext', or to add aliases to the 'paths' option?
src/components/tutors/MyClassesCard.tsx(16,24): error TS2792: Cannot find module '@mui/icons-material/School'. Did you mean to set the 'moduleResolution' option to 'nodenext', or to add aliases to the 'paths' option?
src/components/tutors/MyClassesCard.tsx(17,28): error TS2792: Cannot find module '@mui/icons-material/AccessTime'. Did you mean to set the 'moduleResolution' option to 'nodenext', or to add aliases to the 'paths' option?
src/components/tutors/MyClassesCard.tsx(18,36): error TS2792: Cannot find module '@mui/icons-material/CheckCircleOutline'. Did you mean to set the 'moduleResolution' option to 'nodenext', or to add aliases to the 'paths' option?
src/components/tutors/MyClassesCard.tsx(19,29): error TS2792: Cannot find module '@mui/icons-material/CheckCircle'. Did you mean to set the 'moduleResolution' option to 'nodenext', or to add aliases to the 'paths' option?
src/components/tutors/MyClassesCard.tsx(20,23): error TS2792: Cannot find module '@mui/icons-material/Class'. Did you mean to set the 'moduleResolution' option to 'nodenext', or to add aliases to the 'paths' option?
src/components/tutors/MyClassesCard.tsx(21,22): error TS2792: Cannot find module '@mui/icons-material/Quiz'. Did you mean to set the 'moduleResolution' option to 'nodenext', or to add aliases to the 'paths' option?
src/components/tutors/MyClassesCard.tsx(22,25): error TS2792: Cannot find module '@mui/icons-material/NoteAdd'. Did you mean to set the 'moduleResolution' option to 'nodenext', or to add aliases to the 'paths' option?
src/components/tutors/MyClassesCard.tsx(23,26): error TS2792: Cannot find module '@mui/icons-material/MoreVert'. Did you mean to set the 'moduleResolution' option to 'nodenext', or to add aliases to the 'paths' option?
src/components/tutors/MyClassesCard.tsx(24,28): error TS2792: Cannot find module '@mui/icons-material/LocalPhone'. Did you mean to set the 'moduleResolution' option to 'nodenext', or to add aliases to the 'paths' option?
src/components/tutors/MyClassesCard.tsx(25,24): error TS2792: Cannot find module '@mui/icons-material/Person'. Did you mean to set the 'moduleResolution' option to 'nodenext', or to add aliases to the 'paths' option?
src/components/tutors/MyClassesCard.tsx(43,29): error TS2792: Cannot find module '../../types'. Did you mean to set the 'moduleResolution' option to 'nodenext', or to add aliases to the 'paths' option?
src/components/tutors/MyClassesCard.tsx(44,36): error TS2792: Cannot find module '../../constants'. Did you mean to set the 'moduleResolution' option to 'nodenext', or to add aliases to the 'paths' option?
src/components/tutors/MyClassesCard.tsx(45,29): error TS2792: Cannot find module 'react-redux'. Did you mean to set the 'moduleResolution' option to 'nodenext', or to add aliases to the 'paths' option?
src/components/tutors/MyClassesCard.tsx(46,29): error TS2792: Cannot find module 'react-router-dom'. Did you mean to set the 'moduleResolution' option to 'nodenext', or to add aliases to the 'paths' option?
src/components/tutors/MyClassesCard.tsx(49,7): error TS2322: Type '() => JSX.Element' is not assignable to type 'FC<{}>'.
  Type 'Element' is not assignable to type 'ReactNode'.
src/components/tutors/SubmitAttendanceModal.tsx(15,8): error TS2792: Cannot find module '@mui/material'. Did you mean to set the 'moduleResolution' option to 'nodenext', or to add aliases to the 'paths' option?
src/components/tutors/SubmitAttendanceModal.tsx(16,29): error TS2792: Cannot find module '@mui/icons-material/CheckCircle'. Did you mean to set the 'moduleResolution' option to 'nodenext', or to add aliases to the 'paths' option?
src/components/tutors/SubmitAttendanceModal.tsx(17,23): error TS2792: Cannot find module '@mui/icons-material/Close'. Did you mean to set the 'moduleResolution' option to 'nodenext', or to add aliases to the 'paths' option?
src/components/tutors/SubmitAttendanceModal.tsx(19,43): error TS2792: Cannot find module '../../constants'. Did you mean to set the 'moduleResolution' option to 'nodenext', or to add aliases to the 'paths' option?
src/components/tutors/SubmitAttendanceModal.tsx(20,29): error TS2792: Cannot find module '../../types'. Did you mean to set the 'moduleResolution' option to 'nodenext', or to add aliases to the 'paths' option?
src/components/tutors/SubmitAttendanceModal.tsx(31,7): error TS2322: Type '({ open, onClose, finalClass, onSuccess }: SubmitAttendanceModalProps) => Element' is not assignable to type 'FC<SubmitAttendanceModalProps>'.
  Type 'Element' is not assignable to type 'ReactNode'.
src/components/tutors/TutorClassesStatsBox.tsx(2,73): error TS2792: Cannot find module '@mui/material'. Did you mean to set the 'moduleResolution' option to 'nodenext', or to add aliases to the 'paths' option?
src/components/tutors/TutorClassesStatsBox.tsx(3,24): error TS2792: Cannot find module '@mui/icons-material/School'. Did you mean to set the 'moduleResolution' option to 'nodenext', or to add aliases to the 'paths' option?
src/components/tutors/TutorClassesStatsBox.tsx(4,29): error TS2792: Cannot find module '@mui/icons-material/CheckCircle'. Did you mean to set the 'moduleResolution' option to 'nodenext', or to add aliases to the 'paths' option?
src/components/tutors/TutorClassesStatsBox.tsx(5,28): error TS2792: Cannot find module '@mui/icons-material/Assignment'. Did you mean to set the 'moduleResolution' option to 'nodenext', or to add aliases to the 'paths' option?
src/components/tutors/TutorClassesStatsBox.tsx(6,28): error TS2792: Cannot find module '@mui/icons-material/TrendingUp'. Did you mean to set the 'moduleResolution' option to 'nodenext', or to add aliases to the 'paths' option?
src/components/tutors/TutorClassesStatsBox.tsx(7,29): error TS2792: Cannot find module '../../types'. Did you mean to set the 'moduleResolution' option to 'nodenext', or to add aliases to the 'paths' option?
src/components/tutors/TutorClassesStatsBox.tsx(14,14): error TS2322: Type '({ classes, newClassLeads, }: TutorClassesStatsBoxProps) => Element' is not assignable to type 'FC<TutorClassesStatsBoxProps>'.
  Type 'Element' is not assignable to type 'ReactNode'.
src/services/api.ts(5,8): error TS2792: Cannot find module 'axios'. Did you mean to set the 'moduleResolution' option to 'nodenext', or to add aliases to the 'paths' option?
src/services/api.ts(6,23): error TS2792: Cannot find module '../store'. Did you mean to set the 'moduleResolution' option to 'nodenext', or to add aliases to the 'paths' option?
src/services/attendanceService.ts(2,31): error TS2792: Cannot find module '../constants'. Did you mean to set the 'moduleResolution' option to 'nodenext', or to add aliases to the 'paths' option?
src/services/attendanceService.ts(8,8): error TS2792: Cannot find module '../types'. Did you mean to set the 'moduleResolution' option to 'nodenext', or to add aliases to the 'paths' option?
src/services/attendanceSheetService.ts(2,29): error TS2792: Cannot find module '../types'. Did you mean to set the 'moduleResolution' option to 'nodenext', or to add aliases to the 'paths' option?
src/services/finalClassService.ts(2,61): error TS2792: Cannot find module '../types'. Did you mean to set the 'moduleResolution' option to 'nodenext', or to add aliases to the 'paths' option?
src/store/slices/authSlice.ts(1,44): error TS2792: Cannot find module '@reduxjs/toolkit'. Did you mean to set the 'moduleResolution' option to 'nodenext', or to add aliases to the 'paths' option?
src/store/slices/authSlice.ts(2,34): error TS2792: Cannot find module '../../types'. Did you mean to set the 'moduleResolution' option to 'nodenext', or to add aliases to the 'paths' option?
src/store/slices/uiSlice.ts(1,29): error TS2792: Cannot find module '@reduxjs/toolkit'. Did you mean to set the 'moduleResolution' option to 'nodenext', or to add aliases to the 'paths' option?
src/store/slices/uiSlice.ts(2,32): error TS2792: Cannot find module '..'. Did you mean to set the 'moduleResolution' option to 'nodenext', or to add aliases to the 'paths' option?
